
> ledger-node-prisma@1.0.0 test
> cross-env NODE_ENV=test jest --runInBand

node.exe : FAIL src/_tests_/ledger.test.js
At line:1 char:1
+ & "C:\Program Files\nodejs/node.exe" "C:\Program Files\nodejs/node_mo ...
+ ~~~~~~~~~~~~~~~~~~~~~~~~~~~~~~~~~~~~~~~~~~~~~~~~~~~~~~~~~~~~~~~~~~~~~
    + CategoryInfo          : NotSpecified: (FAIL src/_tests_/ledger.test.js:String) [], RemoteException
    + FullyQualifiedErrorId : NativeCommandError
 
  ΓùÅ Ledger API ΓÇ║ transfer succeeds and creates ledger entries

    PrismaClientInitializationError: 
    Invalid `prisma.ledgerEntry.deleteMany()` invocation in
    C:\Financial_legder\src\_tests_\ledger.test.js:10:28

       7 let accountA, accountB;
       8 
       9 beforeAll(async () => {
    ΓåÆ 10   await prisma.ledgerEntry.deleteMany(
    Database `ledger_test` does not exist on the database server at `localhost:5432`.

    [0m [90m  8 |[39m
     [90m  9 |[39m beforeAll([36masync[39m () [33m=>[39m {
    [31m[1m>[22m[39m[90m 10 |[39m   [36mawait[39m 
prisma[33m.[39mledgerEntry[33m.[39mdeleteMany()[33m;[39m
     [90m    |[39m   [31m[1m^[22m[39m
     [90m 11 |[39m   [36mawait[39m prisma[33m.[39mtransaction[33m.[39mdeleteMany()[33m;[39m
     [90m 12 |[39m   [36mawait[39m prisma[33m.[39maccount[33m.[39mdeleteMany()[33m;[39m
     [90m 13 |[39m[0m

      at $n.handleRequestError (node_modules/@prisma/client/runtime/library.js:121:7615)
      at $n.handleAndLogRequestError (node_modules/@prisma/client/runtime/library.js:121:6623)
      at $n.request (node_modules/@prisma/client/runtime/library.js:121:6307)
      at l (node_modules/@prisma/client/runtime/library.js:130:9633)
      at Object.<anonymous> (src/_tests_/ledger.test.js:10:3)

  ΓùÅ Ledger API ΓÇ║ transfer fails on insufficient funds

    PrismaClientInitializationError: 
    Invalid `prisma.ledgerEntry.deleteMany()` invocation in
    C:\Financial_legder\src\_tests_\ledger.test.js:10:28

       7 let accountA, accountB;
       8 
       9 beforeAll(async () => {
    ΓåÆ 10   await prisma.ledgerEntry.deleteMany(
    Database `ledger_test` does not exist on the database server at `localhost:5432`.

    [0m [90m  8 |[39m
     [90m  9 |[39m beforeAll([36masync[39m () [33m=>[39m {
    [31m[1m>[22m[39m[90m 10 |[39m   [36mawait[39m 
prisma[33m.[39mledgerEntry[33m.[39mdeleteMany()[33m;[39m
     [90m    |[39m   [31m[1m^[22m[39m
     [90m 11 |[39m   [36mawait[39m prisma[33m.[39mtransaction[33m.[39mdeleteMany()[33m;[39m
     [90m 12 |[39m   [36mawait[39m prisma[33m.[39maccount[33m.[39mdeleteMany()[33m;[39m
     [90m 13 |[39m[0m

      at $n.handleRequestError (node_modules/@prisma/client/runtime/library.js:121:7615)
      at $n.handleAndLogRequestError (node_modules/@prisma/client/runtime/library.js:121:6623)
      at $n.request (node_modules/@prisma/client/runtime/library.js:121:6307)
      at l (node_modules/@prisma/client/runtime/library.js:130:9633)
      at Object.<anonymous> (src/_tests_/ledger.test.js:10:3)

  ΓùÅ Ledger API ΓÇ║ concurrent transfers do not overdraft

    PrismaClientInitializationError: 
    Invalid `prisma.ledgerEntry.deleteMany()` invocation in
    C:\Financial_legder\src\_tests_\ledger.test.js:10:28

       7 let accountA, accountB;
       8 
       9 beforeAll(async () => {
    ΓåÆ 10   await prisma.ledgerEntry.deleteMany(
    Database `ledger_test` does not exist on the database server at `localhost:5432`.

    [0m [90m  8 |[39m
     [90m  9 |[39m beforeAll([36masync[39m () [33m=>[39m {
    [31m[1m>[22m[39m[90m 10 |[39m   [36mawait[39m 
prisma[33m.[39mledgerEntry[33m.[39mdeleteMany()[33m;[39m
     [90m    |[39m   [31m[1m^[22m[39m
     [90m 11 |[39m   [36mawait[39m prisma[33m.[39mtransaction[33m.[39mdeleteMany()[33m;[39m
     [90m 12 |[39m   [36mawait[39m prisma[33m.[39maccount[33m.[39mdeleteMany()[33m;[39m
     [90m 13 |[39m[0m

      at $n.handleRequestError (node_modules/@prisma/client/runtime/library.js:121:7615)
      at $n.handleAndLogRequestError (node_modules/@prisma/client/runtime/library.js:121:6623)
      at $n.request (node_modules/@prisma/client/runtime/library.js:121:6307)
      at l (node_modules/@prisma/client/runtime/library.js:130:9633)
      at Object.<anonymous> (src/_tests_/ledger.test.js:10:3)

FAIL tests/example.test.js
  ΓùÅ Account Creation ΓÇ║ should create a new account

    PrismaClientInitializationError: 
    Invalid `prisma.ledgerEntry.deleteMany()` invocation in
    C:\Financial_legder\tests\example.test.js:8:28

      5 
      6 beforeAll(async () => {
      7   // Clean up DB
    ΓåÆ 8   await prisma.ledgerEntry.deleteMany(
    Database `ledger_test` does not exist on the database server at `localhost:5432`.

    [0m [90m  6 |[39m beforeAll([36masync[39m () [33m=>[39m {
     [90m  7 |[39m   [90m// Clean up DB[39m
    [31m[1m>[22m[39m[90m  8 |[39m   [36mawait[39m 
prisma[33m.[39mledgerEntry[33m.[39mdeleteMany()[33m;[39m
     [90m    |[39m   [31m[1m^[22m[39m
     [90m  9 |[39m   [36mawait[39m prisma[33m.[39mtransaction[33m.[39mdeleteMany()[33m;[39m
     [90m 10 |[39m   [36mawait[39m prisma[33m.[39maccount[33m.[39mdeleteMany()[33m;[39m
     [90m 11 |[39m })[33m;[39m[0m

      at $n.handleRequestError (node_modules/@prisma/client/runtime/library.js:121:7615)
      at $n.handleAndLogRequestError (node_modules/@prisma/client/runtime/library.js:121:6623)
      at $n.request (node_modules/@prisma/client/runtime/library.js:121:6307)
      at l (node_modules/@prisma/client/runtime/library.js:130:9633)
      at Object.<anonymous> (tests/example.test.js:8:3)

  ΓùÅ Account Creation ΓÇ║ should fail with missing fields

    PrismaClientInitializationError: 
    Invalid `prisma.ledgerEntry.deleteMany()` invocation in
    C:\Financial_legder\tests\example.test.js:8:28

      5 
      6 beforeAll(async () => {
      7   // Clean up DB
    ΓåÆ 8   await prisma.ledgerEntry.deleteMany(
    Database `ledger_test` does not exist on the database server at `localhost:5432`.

    [0m [90m  6 |[39m beforeAll([36masync[39m () [33m=>[39m {
     [90m  7 |[39m   [90m// Clean up DB[39m
    [31m[1m>[22m[39m[90m  8 |[39m   [36mawait[39m 
prisma[33m.[39mledgerEntry[33m.[39mdeleteMany()[33m;[39m
     [90m    |[39m   [31m[1m^[22m[39m
     [90m  9 |[39m   [36mawait[39m prisma[33m.[39mtransaction[33m.[39mdeleteMany()[33m;[39m
     [90m 10 |[39m   [36mawait[39m prisma[33m.[39maccount[33m.[39mdeleteMany()[33m;[39m
     [90m 11 |[39m })[33m;[39m[0m

      at $n.handleRequestError (node_modules/@prisma/client/runtime/library.js:121:7615)
      at $n.handleAndLogRequestError (node_modules/@prisma/client/runtime/library.js:121:6623)
      at $n.request (node_modules/@prisma/client/runtime/library.js:121:6307)
      at l (node_modules/@prisma/client/runtime/library.js:130:9633)
      at Object.<anonymous> (tests/example.test.js:8:3)

  ΓùÅ Account Creation ΓÇ║ should fail with invalid currency code

    PrismaClientInitializationError: 
    Invalid `prisma.ledgerEntry.deleteMany()` invocation in
    C:\Financial_legder\tests\example.test.js:8:28

      5 
      6 beforeAll(async () => {
      7   // Clean up DB
    ΓåÆ 8   await prisma.ledgerEntry.deleteMany(
    Database `ledger_test` does not exist on the database server at `localhost:5432`.

    [0m [90m  6 |[39m beforeAll([36masync[39m () [33m=>[39m {
     [90m  7 |[39m   [90m// Clean up DB[39m
    [31m[1m>[22m[39m[90m  8 |[39m   [36mawait[39m 
prisma[33m.[39mledgerEntry[33m.[39mdeleteMany()[33m;[39m
     [90m    |[39m   [31m[1m^[22m[39m
     [90m  9 |[39m   [36mawait[39m prisma[33m.[39mtransaction[33m.[39mdeleteMany()[33m;[39m
     [90m 10 |[39m   [36mawait[39m prisma[33m.[39maccount[33m.[39mdeleteMany()[33m;[39m
     [90m 11 |[39m })[33m;[39m[0m

      at $n.handleRequestError (node_modules/@prisma/client/runtime/library.js:121:7615)
      at $n.handleAndLogRequestError (node_modules/@prisma/client/runtime/library.js:121:6623)
      at $n.request (node_modules/@prisma/client/runtime/library.js:121:6307)
      at l (node_modules/@prisma/client/runtime/library.js:130:9633)
      at Object.<anonymous> (tests/example.test.js:8:3)

  ΓùÅ Account Creation ΓÇ║ should get account details

    PrismaClientInitializationError: 
    Invalid `prisma.ledgerEntry.deleteMany()` invocation in
    C:\Financial_legder\tests\example.test.js:8:28

      5 
      6 beforeAll(async () => {
      7   // Clean up DB
    ΓåÆ 8   await prisma.ledgerEntry.deleteMany(
    Database `ledger_test` does not exist on the database server at `localhost:5432`.

    [0m [90m  6 |[39m beforeAll([36masync[39m () [33m=>[39m {
     [90m  7 |[39m   [90m// Clean up DB[39m
    [31m[1m>[22m[39m[90m  8 |[39m   [36mawait[39m 
prisma[33m.[39mledgerEntry[33m.[39mdeleteMany()[33m;[39m
     [90m    |[39m   [31m[1m^[22m[39m
     [90m  9 |[39m   [36mawait[39m prisma[33m.[39mtransaction[33m.[39mdeleteMany()[33m;[39m
     [90m 10 |[39m   [36mawait[39m prisma[33m.[39maccount[33m.[39mdeleteMany()[33m;[39m
     [90m 11 |[39m })[33m;[39m[0m

      at $n.handleRequestError (node_modules/@prisma/client/runtime/library.js:121:7615)
      at $n.handleAndLogRequestError (node_modules/@prisma/client/runtime/library.js:121:6623)
      at $n.request (node_modules/@prisma/client/runtime/library.js:121:6307)
      at l (node_modules/@prisma/client/runtime/library.js:130:9633)
      at Object.<anonymous> (tests/example.test.js:8:3)

Test Suites: 2 failed, 2 total
Tests:       7 failed, 7 total
Snapshots:   0 total
Time:        3.499 s, estimated 4 s
Ran all test suites.
